### ⚠ 復元注記(2026-09-21・依頼者 c-3JYBNJMC2RZTM1S8V43939MP42): 元の file は pod の作り直しで失われ、この内容は会話の記録に印字された分だけの部分復元です(元の sha256 は evidence/SHA256SUMS.txt)。
### 構成: 最終の実行(記録 209・05:38Z)の tail -30。Mac で同じ script を再生した出力は byte 一致しなかったため置いていません。

## doeff
  -   packages/doeff-agents/src/doeff_agents/sessionhost/acp/join.hy
  -   packages/doeff-agents/src/doeff_agents/sessionhost/acp/join.pyi
  -   packages/doeff-agents/src/doeff_agents/sessionhost/acp/effects.py
  -   packages/doeff-agents/src/doeff_agents/sessionhost/acp/runtime.py
  -   packages/doeff-agents/src/doeff_agents/sessionhost/acp/judgment.hy
  -   packages/doeff-agents/src/doeff_agents/sessionhost/launch.hy
  -   packages/doeff-agents/src/doeff_agents/sessionhost/headless.hy
  -   packages/doeff-agents/src/doeff_agents/sessionhost/impls/claude_code.hy
  -   .semgrep.yaml
  -   docs/adr/enforcement-ledger.json
  -   packages/doeff-agents/tests/sessionhost_seat_home_instructions_deftests.hy
  -   packages/doeff-agents/src/doeff_agents/sessionhost/effects.hy
  -   packages/doeff-agents/src/doeff_agents/sessionhost/substrate.hy
  -   packages/doeff-agents/src/doeff_agents/sessionhost/effects.pyi
  -   packages/doeff-agents/tests/sessionhost_launch_deftests.hy
  -   packages/doeff-agents/tests/sessionhost_substrate_deftests.hy
  -   packages/doeff-agents/conformance/test_s12_claude_trust_preseed.py

## dotfiles
  -   cron_management/acp-single-mac.toml
  -   cron_management/acp-proboscis-mbp.toml
  -   agent/tests/test_acp_single_mac.py
  -   agent/tests/check_native_claude_home_contract.py
  -   agent/tests/test_check_native_claude_home_contract.py

## agent-control-plane
  -   deploy/acp-control/agentd-pool-join.yaml

# 当たり: 0 件