
deadline scale x2.0 (load/core) — per test 117s, watchdog 175s

test-admission: focused — 3 件(変更箇所の検証)
/Users/kento/.worktrees/doeff-wt-639-P-blind/packages/doeff-adr/src/doeff_adr/pytest_plugin.py:156: PytestWarning: doeff-adr wiring verification warning: executable ADR files exist but were not collected:
  - docs/adr/defadr_doeff_adr_001_wiring_selfcheck.hy
  - docs/adr/defadr_doeff_agents_001_await_result_public_boundary.hy
  - docs/adr/defadr_doeff_agents_002_agentd_tui_boundary_contracts.hy
  - docs/adr/defadr_doeff_agents_003_explicit_agent_auth.hy
  - docs/adr/defadr_doeff_agents_004_effects_session_host.hy
  - docs/adr/defadr_doeff_agents_005_inprocess_result_transport.hy
  - docs/adr/defadr_doeff_agents_006_conversation_resume_fork.hy
  - docs/adr/defadr_doeff_agents_007_koine_session_surface.hy
  - docs/adr/defadr_doeff_agents_008_ready_physics_single_home.hy
  - docs/adr/defadr_doeff_agents_009_observation_supply_cut.hy
  - docs/adr/defadr_doeff_agents_010_unsubmitted_prompt_terminal_sweep.hy
  - docs/adr/defadr_doeff_agents_011_launch_readiness_and_prompt_delivery.hy
  - docs/adr/defadr_doeff_agents_013_driver_io_through_handlers.hy
  - docs/adr/defadr_doeff_core_001_spawn_boundary_inheritance.hy
  - docs/adr/defadr_doeff_core_002_lazy_creation_trace.hy
  - docs/adr/defadr_doeff_core_effects_001_slog_observability.hy
  - docs/adr/defadr_doeff_core_effects_002_handler_frame_reclamation.hy
  - docs/adr/defadr_doeff_domain_001_vocabulary_cohesion.hy
  - docs/adr/defadr_doeff_enforce_001_pytest_canonical_gate.hy
  - docs/adr/defadr_doeff_enforce_002_semgrep_p0_fixtures.hy
  - docs/adr/defadr_doeff_hy_001_statement_bind_guard.hy
  - docs/adr/defadr_doeff_hy_002_deftest_expressiveness.hy
  - docs/adr/defadr_doeff_hy_003_bang_evaluation_position.hy
  - docs/adr/defadr_doeff_hy_004_defk_only.hy
  - docs/adr/defadr_doeff_hy_005_typecheck_and_record_fences.hy
  - docs/adr/defadr_doeff_preset_001_retirement.hy
Add their directories to pytest testpaths or the CI pytest arguments. Use doeff_adr_wiring=off only for an intentional opt-out.
  warnings.warn(pytest.PytestWarning(message), stacklevel=1)
..F                                                                      [100%]
=================================== FAILURES ===================================
_ test_adr_doe_agents_012_every_session_category_pins_its_retryable_next_to_its_job_outcome _
docs/adr/defadr_doeff_agents_012_agentd_acp_arms.hy:3732: in test_adr_doe_agents_012_every_session_category_pins_its_retryable_next_to_its_job_outcome
    (import doeff_agents.sessionhost.policy [TERMINAL-CAUSE-RETRYABLE])
docs/adr/conftest.py:23: in run_program
    return run(program)
           ^^^^^^^^^^^^
doeff/run.py:24: in run
    return vm.run(doexpr)
           ^^^^^^^^^^^^^^
docs/adr/defadr_doeff_agents_012_agentd_acp_arms.hy:3760: in _hy_anon_114
    (assert (= observed expected)
              ^^^^^^^^^^^^^^^^^^
E   AssertionError: 行の終端の語の retryable と agentd の路の結末の表が食い違う(R47 (3) — 凍結表を変えたら job-outcome-of の結末も決める): {'rate_limited': (True, 'failed', 'SessionFailed', 'SessionFailed'), 'timed_out': (True, 'failed', 'SessionFailed', 'SessionFailed'), 'vanished': (True, 'failed', 'SessionFailed', 'SessionFailed'), 'prompt_undelivered': (True, 'failed', 'SessionFailed', 'SessionFailed'), 'runner_unavailable': (False, 'failed', 'SessionFailed', 'SessionFailed'), 'protocol_error': (False, 'failed', 'SessionFailed', 'SessionFailed'), 'run_failed': (False, 'failed', 'SessionFailed', 'SessionFailed'), 'interactive_prompt_blocked': (False, 'failed', 'SessionFailed', 'SessionFailed'), 'auth_failed': (True, 'failed', 'SessionFailed', 'SessionFailed'), 'transport_failed': (True, 'failed', 'SessionFailed', 'SessionFailed'), 'context_exhausted': (False, 'failed', 'SessionFailed', 'SessionFailed'), 'cancelled': (False, 'failed', 'SessionFailed', 'SessionFailed'), 'host_drained': (True, 'agentd-stopped', 'host-drained', 'HostDrained'), 'host_retired': (True, 'failed', 'SessionFailed', 'SessionFailed')}
----------------------------- Captured stderr call -----------------------------

doeff Traceback (most recent call last):

  test_adr_doe_agents_012_every_session_category_pins_its_retryable_next_to_its_job_outcome.<locals>._hy_anon_114()  docs/adr/defadr_doeff_agents_012_agentd_acp_arms.hy:3760
    (assert (= observed expected)
  _hy_anon_114()  docs/adr/defadr_doeff_agents_012_agentd_acp_arms.hy:3760
    (assert (= observed expected)

AssertionError: 行の終端の語の retryable と agentd の路の結末の表が食い違う(R47 (3) — 凍結表を変えたら job-outcome-of の結末も決める): {'rate_limited': (True, 'failed', 'SessionFailed', 'SessionFailed'), 'timed_out': (True, 'failed', 'SessionFailed', 'SessionFailed'), 'vanished': (True, 'failed', 'SessionFailed', 'SessionFailed'), 'prompt_undelivered': (True, 'failed', 'SessionFailed', 'SessionFailed'), 'runner_unavailable': (False, 'failed', 'SessionFailed', 'SessionFailed'), 'protocol_error': (False, 'failed', 'SessionFailed', 'SessionFailed'), 'run_failed': (False, 'failed', 'SessionFailed', 'SessionFailed'), 'interactive_prompt_blocked': (False, 'failed', 'SessionFailed', 'SessionFailed'), 'auth_failed': (True, 'failed', 'SessionFailed', 'SessionFailed'), 'transport_failed': (True, 'failed', 'SessionFailed', 'SessionFailed'), 'context_exhausted': (False, 'failed', 'SessionFailed', 'SessionFailed'), 'cancelled': (False, 'failed', 'SessionFailed', 'SessionFailed'), 'host_drained': (True, 'agentd-stopped', 'host-drained', 'HostDrained'), 'host_retired': (True, 'failed', 'SessionFailed', 'SessionFailed')}

=========================== short test summary info ============================
FAILED docs/adr/defadr_doeff_agents_012_agentd_acp_arms.hy::test_adr_doe_agents_012_every_session_category_pins_its_retryable_next_to_its_job_outcome
1 failed, 2 passed, 147 deselected in 69.31s (0:01:09)
