$ python3 /Users/kento/dotfiles/agentcli/src/agentcli/remote_check.py --node zeus --tree /Users/kento/.worktrees/doeff-wt-639-P --label wt-639-P-dc --sync-timeout 900 --run-timeout 1500 -- sh -c "UV_CACHE_DIR=$HOME/.cache/uv-lanes/land-doeff make sync && UV_CACHE_DIR=$HOME/.cache/uv-lanes/land-doeff PYTHONDONTWRITEBYTECODE=1 uv run --no-sync pytest -q -m 'not e2e' -p no:warnings -rA docs/adr/defadr_doeff_agents_012_agentd_acp_arms.hy tests/test_enforcement_ledger.py packages/doeff-agents/tests/test_sessionhost_policy.py packages/doeff-agents/tests/test_sessionhost_cache_maintenance.py packages/doeff-agents/tests/test_sessionhost_acp_ended_cause.py packages/doeff-agents/tests/test_sessionhost_headless_events.py"
Resolved 162 packages in 9ms
Uninstalled 1 package in 1ms
Installed 1 package in 6ms
 ~ doeff-vm==0.2.0 (from file:///home/kento/ai-remote-check/wt-639-P-dc/packages/doeff-vm)
🍹 Building a mixed python/rust project
🐍 Found CPython 3.14t at /home/kento/ai-remote-check/wt-639-P-dc/.venv/bin/python
🔗 Found pyo3 bindings
   Compiling target-lexicon v0.13.5
   Compiling proc-macro2 v1.0.106
   Compiling unicode-ident v1.0.24
   Compiling quote v1.0.45
   Compiling libc v0.2.183
   Compiling shlex v2.0.1
   Compiling find-msvc-tools v0.1.13
   Compiling heck v0.5.0
   Compiling once_cell v1.21.4
   Compiling cc v1.4.7
   Compiling pyo3-build-config v0.28.2
   Compiling syn v2.0.117
   Compiling libmimalloc-sys v0.1.49
   Compiling pyo3-ffi v0.28.2
   Compiling pyo3-macros-backend v0.28.2
   Compiling pyo3 v0.28.2
   Compiling mimalloc v0.1.52
   Compiling pyo3-macros v0.28.2
   Compiling doeff-vm-core v0.1.0 (/home/kento/ai-remote-check/wt-639-P-dc/packages/doeff-vm-core)
warning: unused import: `SegmentId`
 --> /home/kento/ai-remote-check/wt-639-P-dc/packages/doeff-vm-core/src/frame.rs:7:35
  |
7 | use crate::ids::{FiberId, Marker, SegmentId, VarId};
  |                                   ^^^^^^^^^
  |
  = note: `#[warn(unused_imports)]` (part of `#[warn(unused)]`) on by default

warning: unused import: `crate::effect::DispatchEffect`
 --> /home/kento/ai-remote-check/wt-639-P-dc/packages/doeff-vm-core/src/vm/handler.rs:5:5
  |
5 | use crate::effect::DispatchEffect;
  |     ^^^^^^^^^^^^^^^^^^^^^^^^^^^^^

warning: unused import: `crate::error::VMError`
 --> /home/kento/ai-remote-check/wt-639-P-dc/packages/doeff-vm-core/src/vm/handler.rs:6:5
  |
6 | use crate::error::VMError;
  |     ^^^^^^^^^^^^^^^^^^^^^

warning: unused import: `FiberId`
 --> /home/kento/ai-remote-check/wt-639-P-dc/packages/doeff-vm-core/src/vm/handler.rs:7:18
  |
7 | use crate::ids::{FiberId, Marker, SegmentId};
  |                  ^^^^^^^

warning: unused import: `FiberId`
 --> /home/kento/ai-remote-check/wt-639-P-dc/packages/doeff-vm-core/src/vm/var_store.rs:6:18
  |
6 | use crate::ids::{FiberId, SegmentId, VarId};
  |                  ^^^^^^^

warning: unused variable: `args`
  --> /home/kento/ai-remote-check/wt-639-P-dc/packages/doeff-vm-core/src/value.rs:24:28
   |
24 |     fn call_handler(&self, args: Vec<Value>) -> Result<crate::do_ctrl::DoCtrl, VMError> {
   |                            ^^^^ help: if this is intentional, prefix it with an underscore: `_args`
   |
   = note: `#[warn(unused_variables)]` (part of `#[warn(unused)]`) on by default

warning: unused variable: `effect`
   --> /home/kento/ai-remote-check/wt-639-P-dc/packages/doeff-vm-core/src/vm/dispatch.rs:251:9
    |
251 |         effect: &DispatchEffect,
    |         ^^^^^^ help: if this is intentional, prefix it with an underscore: `_effect`

warning: method `metadata` is never used
   --> /home/kento/ai-remote-check/wt-639-P-dc/packages/doeff-vm-core/src/frame.rs:168:19
    |
167 | impl EvalReturnContinuation {
    | --------------------------- method in this implementation
168 |     pub(crate) fn metadata(&self) -> Option<&CallMetadata> {
    |                   ^^^^^^^^
    |
    = note: `#[warn(dead_code)]` (part of `#[warn(unused)]`) on by default

warning: function `record_in_place_reentry` is never used
  --> /home/kento/ai-remote-check/wt-639-P-dc/packages/doeff-vm-core/src/memory_stats.rs:52:15
   |
52 | pub(crate) fn record_in_place_reentry() {
   |               ^^^^^^^^^^^^^^^^^^^^^^^

warning: function `record_abandoned_transfer_branch_free` is never used
  --> /home/kento/ai-remote-check/wt-639-P-dc/packages/doeff-vm-core/src/memory_stats.rs:56:15
   |
56 | pub(crate) fn record_abandoned_transfer_branch_free() {
   |               ^^^^^^^^^^^^^^^^^^^^^^^^^^^^^^^^^^^^^

warning: methods `find_next_boundary` and `find_fiber_before` are never used
   --> /home/kento/ai-remote-check/wt-639-P-dc/packages/doeff-vm-core/src/vm/dispatch.rs:228:19
    |
 20 | impl VM {
    | ------- methods in this implementation
...
228 |     pub(crate) fn find_next_boundary(
    |                   ^^^^^^^^^^^^^^^^^^
...
267 |     pub(crate) fn find_fiber_before(&self, start: FiberId, target: FiberId) -> Option<FiberId> {
    |                   ^^^^^^^^^^^^^^^^^

warning: fields `marker`, `prompt_seg_id`, and `types` are never read
  --> /home/kento/ai-remote-check/wt-639-P-dc/packages/doeff-vm-core/src/vm/handler.rs:15:9
   |
14 | pub(crate) struct HandlerChainEntry {
   |                   ----------------- fields in this struct
15 |     pub marker: Marker,
   |         ^^^^^^
16 |     pub prompt_seg_id: SegmentId,
   |         ^^^^^^^^^^^^^
17 |     pub handler: CallableRef,
18 |     pub types: Option<Arc<Vec<PyShared>>>,
   |         ^^^^^
   |
   = note: `HandlerChainEntry` has a derived impl for the trait `Clone`, but this is intentionally ignored during dead code analysis

warning: methods `handler_marker_in_caller_chain`, `find_prompt_boundary_in_caller_chain`, `find_prompt_boundary_by_marker`, `current_handler_chain`, and `handler_index_in_caller_chain` are never used
   --> /home/kento/ai-remote-check/wt-639-P-dc/packages/doeff-vm-core/src/vm/handler.rs:23:19
    |
 21 | impl VM {
    | ------- methods in this implementation
 22 |     /// Find the first prompt boundary marker walking up from start_seg_id.
 23 |     pub(super) fn handler_marker_in_caller_chain(&self, start_seg_id: SegmentId) -> Option<Marker> {
    |                   ^^^^^^^^^^^^^^^^^^^^^^^^^^^^^^
...
 64 |     pub(super) fn find_prompt_boundary_in_caller_chain(
    |                   ^^^^^^^^^^^^^^^^^^^^^^^^^^^^^^^^^^^^
...
 83 |     pub(super) fn find_prompt_boundary_by_marker(
    |                   ^^^^^^^^^^^^^^^^^^^^^^^^^^^^^^
...
 98 |     pub(super) fn current_handler_chain(&self) -> Vec<HandlerChainEntry> {
    |                   ^^^^^^^^^^^^^^^^^^^^^
...
106 |     pub(super) fn handler_index_in_caller_chain(
    |                   ^^^^^^^^^^^^^^^^^^^^^^^^^^^^^

warning: `doeff-vm-core` (lib) generated 13 warnings (run `cargo fix --lib -p doeff-vm-core` to apply 7 suggestions)
   Compiling doeff-vm v0.2.0 (/home/kento/ai-remote-check/wt-639-P-dc/packages/doeff-vm)
warning: use of deprecated constant `doeff_vm::PYFN_ATTRIBUTE`: `pyfn` will be removed in a future PyO3 version, use declarative `#[pymodule]` with `mod` instead
  --> src/lib.rs:36:7
   |
36 |     #[pyfn(m)]
   |       ^^^^
   |
   = note: `#[warn(deprecated)]` on by default

warning: use of deprecated constant `doeff_vm::PYFN_ATTRIBUTE`: `pyfn` will be removed in a future PyO3 version, use declarative `#[pymodule]` with `mod` instead
  --> src/lib.rs:45:7
   |
45 |     #[pyfn(m)]
   |       ^^^^

warning: use of deprecated constant `doeff_vm::PYFN_ATTRIBUTE`: `pyfn` will be removed in a future PyO3 version, use declarative `#[pymodule]` with `mod` instead
  --> src/lib.rs:65:7
   |
65 |     #[pyfn(m)]
   |       ^^^^

warning: use of deprecated method `pyo3::types::PyAnyMethods::downcast`: use `Bound::cast` instead
   --> src/python_generator_stream.rs:153:22
    |
153 |                     .downcast::<pyo3::types::PyTuple>()
    |                      ^^^^^^^^

warning: use of deprecated method `pyo3::types::PyAnyMethods::downcast`: use `Bound::cast` instead
   --> src/python_generator_stream.rs:582:9
    |
582 |     obj.downcast::<PyResume>().is_ok() || obj.downcast::<PyResumeThrow>().is_ok()
    |         ^^^^^^^^

warning: use of deprecated method `pyo3::types::PyAnyMethods::downcast`: use `Bound::cast` instead
   --> src/python_generator_stream.rs:582:47
    |
582 |     obj.downcast::<PyResume>().is_ok() || obj.downcast::<PyResumeThrow>().is_ok()
    |                                               ^^^^^^^^

warning: use of deprecated method `pyo3::types::PyAnyMethods::downcast`: use `Bound::cast` instead
   --> src/python_generator_stream.rs:600:24
    |
600 |     if let Ok(r) = obj.downcast::<PyResume>() {
    |                        ^^^^^^^^

warning: use of deprecated method `pyo3::types::PyAnyMethods::downcast`: use `Bound::cast` instead
   --> src/python_generator_stream.rs:607:25
    |
607 |     if let Ok(rt) = obj.downcast::<PyResumeThrow>() {
    |                         ^^^^^^^^

warning: use of deprecated method `pyo3::types::PyAnyMethods::downcast`: use `Bound::cast` instead
   --> src/python_generator_stream.rs:724:33
    |
724 |     if let Ok(prompt) = handler.downcast::<crate::scheduler::PySchedulerPrompt>() {
    |                                 ^^^^^^^^

warning: use of deprecated method `pyo3::types::PyAnyMethods::downcast`: use `Bound::cast` instead
   --> src/python_generator_stream.rs:755:24
    |
755 |     if let Ok(p) = obj.downcast::<PyPure>() {
    |                        ^^^^^^^^

warning: use of deprecated method `pyo3::types::PyAnyMethods::downcast`: use `Bound::cast` instead
   --> src/python_generator_stream.rs:759:24
    |
759 |     if let Ok(p) = obj.downcast::<PyPerform>() {
    |                        ^^^^^^^^

warning: use of deprecated method `pyo3::types::PyAnyMethods::downcast`: use `Bound::cast` instead
   --> src/python_generator_stream.rs:764:24
    |
764 |     if let Ok(r) = obj.downcast::<PyResume>() {
    |                        ^^^^^^^^

warning: use of deprecated method `pyo3::types::PyAnyMethods::downcast`: use `Bound::cast` instead
   --> src/python_generator_stream.rs:770:24
    |
770 |     if let Ok(t) = obj.downcast::<PyTransfer>() {
    |                        ^^^^^^^^

warning: use of deprecated method `pyo3::types::PyAnyMethods::downcast`: use `Bound::cast` instead
   --> src/python_generator_stream.rs:776:24
    |
776 |     if let Ok(a) = obj.downcast::<PyApply>() {
    |                        ^^^^^^^^

warning: use of deprecated method `pyo3::types::PyAnyMethods::downcast`: use `Bound::cast` instead
   --> src/python_generator_stream.rs:781:35
    |
781 |         if let Ok(seq) = args_obj.downcast::<pyo3::types::PyList>() {
    |                                   ^^^^^^^^

warning: use of deprecated method `pyo3::types::PyAnyMethods::downcast`: use `Bound::cast` instead
   --> src/python_generator_stream.rs:794:24
    |
794 |     if let Ok(e) = obj.downcast::<PyExpand>() {
    |                        ^^^^^^^^

warning: use of deprecated method `pyo3::types::PyAnyMethods::downcast`: use `Bound::cast` instead
   --> src/python_generator_stream.rs:800:24
    |
800 |     if let Ok(p) = obj.downcast::<PyPass>() {
    |                        ^^^^^^^^

warning: use of deprecated method `pyo3::types::PyAnyMethods::downcast`: use `Bound::cast` instead
   --> src/python_generator_stream.rs:806:25
    |
806 |     if let Ok(wh) = obj.downcast::<PyWithHandler>() {
    |                         ^^^^^^^^

warning: use of deprecated method `pyo3::types::PyAnyMethods::downcast`: use `Bound::cast` instead
   --> src/python_generator_stream.rs:816:25
    |
816 |     if let Ok(rt) = obj.downcast::<PyResumeThrow>() {
    |                         ^^^^^^^^

warning: use of deprecated method `pyo3::types::PyAnyMethods::downcast`: use `Bound::cast` instead
   --> src/python_generator_stream.rs:822:25
    |
822 |     if let Ok(tt) = obj.downcast::<PyTransferThrow>() {
    |                         ^^^^^^^^

warning: use of deprecated method `pyo3::types::PyAnyMethods::downcast`: use `Bound::cast` instead
   --> src/python_generator_stream.rs:828:25
    |
828 |     if let Ok(wo) = obj.downcast::<PyWithObserve>() {
    |                         ^^^^^^^^

warning: use of deprecated method `pyo3::types::PyAnyMethods::downcast`: use `Bound::cast` instead
   --> src/python_generator_stream.rs:838:25
    |
838 |     if let Ok(gt) = obj.downcast::<PyGetTraceback>() {
    |                         ^^^^^^^^

warning: use of deprecated method `pyo3::types::PyAnyMethods::downcast`: use `Bound::cast` instead
   --> src/python_generator_stream.rs:842:12
    |
842 |     if obj.downcast::<PyGetExecutionContext>().is_ok() {
    |            ^^^^^^^^

warning: use of deprecated method `pyo3::types::PyAnyMethods::downcast`: use `Bound::cast` instead
   --> src/python_generator_stream.rs:845:25
    |
845 |     if let Ok(gh) = obj.downcast::<PyGetHandlers>() {
    |                         ^^^^^^^^

warning: use of deprecated method `pyo3::types::PyAnyMethods::downcast`: use `Bound::cast` instead
   --> src/python_generator_stream.rs:849:25
    |
849 |     if let Ok(gb) = obj.downcast::<PyGetBoundaries>() {
    |                         ^^^^^^^^

warning: use of deprecated method `pyo3::types::PyAnyMethods::downcast`: use `Bound::cast` instead
   --> src/python_generator_stream.rs:853:12
    |
853 |     if obj.downcast::<crate::do_expr::PyGetOuterHandlers>().is_ok() {
    |            ^^^^^^^^

warning: use of deprecated method `pyo3::types::PyAnyMethods::downcast`: use `Bound::cast` instead
   --> src/python_generator_stream.rs:856:25
    |
856 |     if let Ok(te) = obj.downcast::<crate::do_expr::PyTailEval>() {
    |                         ^^^^^^^^

warning: use of deprecated method `pyo3::types::PyAnyMethods::downcast`: use `Bound::cast` instead
   --> src/python_generator_stream.rs:916:40
    |
916 |             if let Ok(seq) = args_list.downcast::<pyo3::types::PyList>() {
    |                                        ^^^^^^^^

warning: use of deprecated method `pyo3::types::PyAnyMethods::downcast`: use `Bound::cast` instead
   --> src/python_generator_stream.rs:964:18
    |
964 |                 .downcast::<doeff_vm_core::continuation::PyK>()
    |                  ^^^^^^^^

warning: use of deprecated method `pyo3::types::PyAnyMethods::downcast`: use `Bound::cast` instead
    --> src/python_generator_stream.rs:1014:18
     |
1014 |                 .downcast::<doeff_vm_core::continuation::PyK>()
     |                  ^^^^^^^^

warning: use of deprecated method `pyo3::types::PyAnyMethods::downcast`: use `Bound::cast` instead
    --> src/python_generator_stream.rs:1049:10
     |
1049 |         .downcast::<doeff_vm_core::continuation::PyK>()
     |          ^^^^^^^^

warning: use of deprecated method `pyo3::types::PyAnyMethods::downcast`: use `Bound::cast` instead
    --> src/python_generator_stream.rs:1079:10
     |
1079 |         .downcast::<doeff_vm_core::continuation::PyK>()
     |          ^^^^^^^^

warning: use of deprecated method `pyo3::types::PyAnyMethods::downcast`: use `Bound::cast` instead
    --> src/python_generator_stream.rs:1101:10
     |
1101 |         .downcast::<doeff_vm_core::continuation::PyK>()
     |          ^^^^^^^^

warning: use of deprecated method `pyo3::types::PyAnyMethods::downcast`: use `Bound::cast` instead
    --> src/python_generator_stream.rs:1129:25
     |
1129 |     if let Ok(pc) = obj.downcast::<PythonCallable>() {
     |                         ^^^^^^^^

warning: use of deprecated method `pyo3::types::PyAnyMethods::downcast`: use `Bound::cast` instead
    --> src/python_generator_stream.rs:1135:29
     |
1135 |     if let Ok(prompt) = obj.downcast::<crate::scheduler::PySchedulerPrompt>() {
     |                             ^^^^^^^^

warning: use of deprecated method `pyo3::types::PyAnyMethods::downcast`: use `Bound::cast` instead
    --> src/python_generator_stream.rs:1139:24
     |
1139 |     if let Ok(k) = obj.downcast::<doeff_vm_core::continuation::PyK>() {
     |                        ^^^^^^^^

warning: use of deprecated method `pyo3::types::PyAnyMethods::downcast`: use `Bound::cast` instead
    --> src/python_generator_stream.rs:1148:24
     |
1148 |     if let Ok(s) = obj.downcast::<PyIRStream>() {
     |                        ^^^^^^^^

warning: unused variable: `py`
    --> src/python_generator_stream.rs:1093:5
     |
1093 |     py: Python<'_>,
     |     ^^ help: if this is intentional, prefix it with an underscore: `_py`
     |
     = note: `#[warn(unused_variables)]` (part of `#[warn(unused)]`) on by default

warning: struct `DoctrlStream` is never constructed
   --> src/pyvm.rs:358:8
    |
358 | struct DoctrlStream {
    |        ^^^^^^^^^^^^
    |
    = note: `#[warn(dead_code)]` (part of `#[warn(unused)]`) on by default

warning: `doeff-vm` (lib) generated 39 warnings (run `cargo fix --lib -p doeff-vm` to apply 1 suggestion)
    Finished `release` profile [optimized] target(s) in 40.29s
📦 Built wheel for CPython 3.14t to /tmp/.tmpnOZueT/doeff_vm-0.2.0-cp314-cp314t-linux_x86_64.whl
🛠 Installed doeff-vm-0.2.0
test-admission: focused — 186 件(変更箇所の検証)
/home/kento/ai-remote-check/wt-639-P-dc/packages/doeff-adr/src/doeff_adr/pytest_plugin.py:156: PytestWarning: doeff-adr wiring verification warning: executable ADR files exist but were not collected:
  - docs/adr/defadr_doeff_adr_001_wiring_selfcheck.hy
  - docs/adr/defadr_doeff_agents_001_await_result_public_boundary.hy
  - docs/adr/defadr_doeff_agents_002_agentd_tui_boundary_contracts.hy
  - docs/adr/defadr_doeff_agents_003_explicit_agent_auth.hy
  - docs/adr/defadr_doeff_agents_004_effects_session_host.hy
  - docs/adr/defadr_doeff_agents_005_inprocess_result_transport.hy
  - docs/adr/defadr_doeff_agents_006_conversation_resume_fork.hy
  - docs/adr/defadr_doeff_agents_007_koine_session_surface.hy
  - docs/adr/defadr_doeff_agents_008_ready_physics_single_home.hy
  - docs/adr/defadr_doeff_agents_009_observation_supply_cut.hy
  - docs/adr/defadr_doeff_agents_010_unsubmitted_prompt_terminal_sweep.hy
  - docs/adr/defadr_doeff_agents_011_launch_readiness_and_prompt_delivery.hy
  - docs/adr/defadr_doeff_agents_013_driver_io_through_handlers.hy
  - docs/adr/defadr_doeff_core_001_spawn_boundary_inheritance.hy
  - docs/adr/defadr_doeff_core_002_lazy_creation_trace.hy
  - docs/adr/defadr_doeff_core_effects_001_slog_observability.hy
  - docs/adr/defadr_doeff_core_effects_002_handler_frame_reclamation.hy
  - docs/adr/defadr_doeff_domain_001_vocabulary_cohesion.hy
  - docs/adr/defadr_doeff_enforce_001_pytest_canonical_gate.hy
  - docs/adr/defadr_doeff_enforce_002_semgrep_p0_fixtures.hy
  - docs/adr/defadr_doeff_hy_001_statement_bind_guard.hy
  - docs/adr/defadr_doeff_hy_002_deftest_expressiveness.hy
  - docs/adr/defadr_doeff_hy_003_bang_evaluation_position.hy
  - docs/adr/defadr_doeff_hy_004_defk_only.hy
  - docs/adr/defadr_doeff_hy_005_typecheck_and_record_fences.hy
  - docs/adr/defadr_doeff_preset_001_retirement.hy
Add their directories to pytest testpaths or the CI pytest arguments. Use doeff_adr_wiring=off only for an intentional opt-out.
  warnings.warn(pytest.PytestWarning(message), stacklevel=1)
remote-check: ran=remote node=zeus rc=0 remote_s=389.2 dir=ai-remote-check/wt-639-P-dc
uv sync --group dev
cd packages/doeff-vm && maturin develop --release --features invariant-checks
✏️ Setting installed package as editable
........................................................................ [ 38%]
........................................................................ [ 77%]
..........................................                               [100%]
==================================== PASSES ====================================
_ test_adr_doe_agents_012_sweep_roles_are_read_from_the_callee_not_the_spelling _
----------------------------- Captured stdout call -----------------------------
正常例 今日の呼び → 緑
正常例 引数の追加(呼び先が役を足し、呼びが渡す) → 緑
正常例 呼び先が usage の前に役を足す(役の位置は呼び先の定義から導く) → 緑
正常例 呼びの中の註と折れ方 → 緑
正常例 keyword の既定値つき引数 → 緑
違反例 usage に値 → 赤: 巡回が usage に usage-total を渡している(R49 — 消費の和は手番の終わりの 1 回)
違反例 keyword で responses → 赤: 巡回が responses に shaped を渡している(R49 — 応答ごとの消費は手番の終わりの 1 回)
違反例 entries に値 → 赤: 巡回が entries に entries を渡している(R49 — 巡回は手番の出来事を持たない — 見出しの追記は手番の中だけ)
違反例 呼びを消す → 赤: 巡回が turn-record-ended-status を呼んでいない(R49 — 閉じる記録の status を組まない)
違反例 呼び先の役の改名(usage → consumption) → 赤: 呼び先の定義に役 usage が無い(契約の変更 — 検査も直す)
違反例 一覧の image で書く → 赤: 巡回が読み直した image で書いていない(R49 — AcpPutStatus の row に row を渡している — 鍵で読んだ AcpGetRow の答えではない)
違反例 記録ではない鍵で読む → 赤: 巡回が鍵で読み直していない(R49 — 書く行を読む AcpGetRow の key に job-id を渡している — turn-record-key-of の答えではない)
______ test_adr_doe_agents_012_join_is_one_command_and_one_decision_point ______
----------------------------- Captured stderr call -----------------------------

doeff Traceback (most recent call last):

  join_spec_of()  packages/doeff-agents/src/doeff_agents/sessionhost/acp/join.hy:1014
    (ownership-of (or (.get agentd KEY-OWNERSHIP) None) (or (.get agentd KEY-OWNERSHIP-PROOF) None)))
  ownership_of()  packages/doeff-agents/src/doeff_agents/sessionhost/acp/join.hy:460
    (raise (ValueError (+ f"{FLAG-OWNERSHIP} {grade} には {FLAG-OWNERSHIP-PROOF} が要る "

ValueError: --ownership company には --ownership-proof が要る (gce-project:<project-id> か file:<path>=<value> か declared)


doeff Traceback (most recent call last):

  ownership_preflight()  packages/doeff-agents/src/doeff_agents/sessionhost/acp/join.hy:1306
    (<- verdict (| Ownership None) (ownership-verdict places ownership answer))))
  ownership_verdict()  packages/doeff-agents/src/doeff_agents/sessionhost/acp/join.hy:1263
    (raise (ValueError (+ f"ownership {ownership.grade} claims {ownership.proof} but the GCE metadata "
    handlers:
      FakeLocal.dispatch ↗

ValueError: ownership company claims gce-project:p-1 but the GCE metadata project-id is 'p-2' (expected 'p-1')


doeff Traceback (most recent call last):

  ownership_preflight()  packages/doeff-agents/src/doeff_agents/sessionhost/acp/join.hy:1306
    (<- verdict (| Ownership None) (ownership-verdict places ownership answer))))
  ownership_verdict()  packages/doeff-agents/src/doeff_agents/sessionhost/acp/join.hy:1274
    (raise (ValueError (+ f"ownership {ownership.grade} claims {ownership.proof} but the file "
    handlers:
      FakeLocal.dispatch ↗

ValueError: ownership company claims file:/state/agora/host-id=mac but the file /state/agora/host-id holds 'proboscis-mbp' (expected 'mac')

_ test_adr_doe_agents_012_a_privileged_place_needs_evidence_not_a_copied_declaration _
----------------------------- Captured stderr call -----------------------------

doeff Traceback (most recent call last):

  ownership_preflight()  packages/doeff-agents/src/doeff_agents/sessionhost/acp/join.hy:1303
    (<- verdict (| Ownership None) (ownership-verdict places ownership (ProbeAnswer :value None)))
  ownership_verdict()  packages/doeff-agents/src/doeff_agents/sessionhost/acp/join.hy:1249
    (raise (ValueError (+ how fix)))))
    handlers:
      FakeLocal.dispatch ↗

ValueError: [agentd].places が特権の置き場 company を名乗っているのに所有の証拠が無い(いま [agentd].ownership も [agentd].ownership_proof も空)。特権の置き場を名乗る宣言は [agentd].ownership_proof に `file:<絶対 path>=<値>` か `gce-project:<project-id>` が要る。この 1 手で直る: dotfiles の checkout で `sh agent/venv-run.sh "$PWD/agentcli" hy cron_management/acp_single_mac.hy --declaration <この機体の宣言> install --only agentd`(証拠は据え付けの側が描く。宣言 file は機体ごと — 他機体の宣言 file で参加しない)。


doeff Traceback (most recent call last):

  ownership_preflight()  packages/doeff-agents/src/doeff_agents/sessionhost/acp/join.hy:1303
    (<- verdict (| Ownership None) (ownership-verdict places ownership (ProbeAnswer :value None)))
  ownership_verdict()  packages/doeff-agents/src/doeff_agents/sessionhost/acp/join.hy:1249
    (raise (ValueError (+ how fix)))))
    handlers:
      FakeLocal.dispatch ↗

ValueError: [agentd].places が特権の置き場 company を名乗っているのに所有の証拠が無い(いま [agentd].ownership_proof = 'declared' = 検なし)。特権の置き場を名乗る宣言は [agentd].ownership_proof に `file:<絶対 path>=<値>` か `gce-project:<project-id>` が要る。この 1 手で直る: dotfiles の checkout で `sh agent/venv-run.sh "$PWD/agentcli" hy cron_management/acp_single_mac.hy --declaration <この機体の宣言> install --only agentd`(証拠は据え付けの側が描く。宣言 file は機体ごと — 他機体の宣言 file で参加しない)。


doeff Traceback (most recent call last):

  ownership_preflight()  packages/doeff-agents/src/doeff_agents/sessionhost/acp/join.hy:1303
    (<- verdict (| Ownership None) (ownership-verdict places ownership (ProbeAnswer :value None)))
  ownership_verdict()  packages/doeff-agents/src/doeff_agents/sessionhost/acp/join.hy:1249
    (raise (ValueError (+ how fix)))))
    handlers:
      FakeLocal.dispatch ↗

ValueError: [agentd].ownership が company を名乗っているのに所有の証拠が無い(いま [agentd].ownership_proof = 'declared' = 検なし)。特権の置き場を名乗る宣言は [agentd].ownership_proof に `file:<絶対 path>=<値>` か `gce-project:<project-id>` が要る。この 1 手で直る: dotfiles の checkout で `sh agent/venv-run.sh "$PWD/agentcli" hy cron_management/acp_single_mac.hy --declaration <この機体の宣言> install --only agentd`(証拠は据え付けの側が描く。宣言 file は機体ごと — 他機体の宣言 file で参加しない)。

_ test_the_terminal_write_refuses_a_missing_or_foreign_cause_and_composes_the_result _
----------------------------- Captured stderr call -----------------------------

doeff Traceback (most recent call last):

  terminal_cause_of()  packages/doeff-agents/src/doeff_agents/sessionhost/acp/judgment.hy:1983
    (raise (ValueError f"result.cause.category {(repr category)} is outside {CAUSE-CATEGORIES}")))

ValueError: result.cause.category 'exploded' is outside ('completed', 'cancelled', 'failed', 'interrupted', 'agentd-stopped')


doeff Traceback (most recent call last):

  ended_status_of()  packages/doeff-agents/src/doeff_agents/sessionhost/acp/judgment.hy:2632
    (raise (ValueError f"Ended without a contract cause: {(repr cause)} (category must be one of {CAUSE-CATEGORIES})")))

ValueError: Ended without a contract cause: {'category': 'exploded'} (category must be one of ('completed', 'cancelled', 'failed', 'interrupted', 'agentd-stopped'))


doeff Traceback (most recent call last):

  ended_status_of()  packages/doeff-agents/src/doeff_agents/sessionhost/acp/judgment.hy:2632
    (raise (ValueError f"Ended without a contract cause: {(repr cause)} (category must be one of {CAUSE-CATEGORIES})")))

ValueError: Ended without a contract cause: {} (category must be one of ('completed', 'cancelled', 'failed', 'interrupted', 'agentd-stopped'))

_ test_the_composition_root_swaps_in_the_outbox_only_when_the_tiered_store_is_named _
----------------------------- Captured stderr call -----------------------------
doeff-sessionhost events: outbox → http://127.0.0.1:9/v1/logs (node zeus)
_ test_a_line_the_tiered_store_cannot_take_is_held_locally_and_does_not_block_the_shipper _
----------------------------- Captured stderr call -----------------------------
doeff-sessionhost events shipper: held s-1#2 (6000 bytes): one OTLP body of 6766 bytes exceeds the tiered store's limit 4000
__ test_batches_are_split_by_body_bytes_and_a_413_is_narrowed_to_the_one_line __
----------------------------- Captured stderr call -----------------------------
doeff-sessionhost events shipper: held s-1#7 (7 bytes): the collector answered HTTP 413 for this line alone
__________________ test_prune_reads_the_same_doeff_time_clock __________________
----------------------------- Captured stderr call -----------------------------
doeff-sessionhost events prune: 1 shipped rows of sessions ended before 2031-01-02T02:00:00+00:00
=========================== short test summary info ============================
PASSED docs/adr/defadr_doeff_agents_012_agentd_acp_arms.hy::test_adr_doe_agents_012_history_thins_tool_items_before_dropping_turns
PASSED docs/adr/defadr_doeff_agents_012_agentd_acp_arms.hy::test_adr_doe_agents_012_turn_records_are_not_left_to_one_write
PASSED docs/adr/defadr_doeff_agents_012_agentd_acp_arms.hy::test_adr_doe_agents_012_sweep_roles_are_read_from_the_callee_not_the_spelling
PASSED docs/adr/defadr_doeff_agents_012_agentd_acp_arms.hy::test_adr_doe_agents_012_dropped_history_turns_leave_a_headline
PASSED docs/adr/defadr_doeff_agents_012_agentd_acp_arms.hy::test_adr_doe_agents_012_provider_limit_is_the_containers_cause_read_as_a_field
PASSED docs/adr/defadr_doeff_agents_012_agentd_acp_arms.hy::test_adr_doe_agents_012_work_dir_is_one_judgment_on_this_node
PASSED docs/adr/defadr_doeff_agents_012_agentd_acp_arms.hy::test_adr_doe_agents_012_verify_command_runs_a_script_not_a_session
PASSED docs/adr/defadr_doeff_agents_012_agentd_acp_arms.hy::test_adr_doe_agents_012_summarize_runs_claude_print_under_the_conversation_lease
PASSED docs/adr/defadr_doeff_agents_012_agentd_acp_arms.hy::test_adr_doe_agents_012_summaries_are_triggered_at_turn_end_and_folded_first_on_rehydrate
PASSED docs/adr/defadr_doeff_agents_012_agentd_acp_arms.hy::test_adr_doe_agents_012_no_agora_ledger_words_in_sessionhost
PASSED docs/adr/defadr_doeff_agents_012_agentd_acp_arms.hy::test_adr_doe_agents_012_bound_to_me_is_the_only_job_selection
PASSED docs/adr/defadr_doeff_agents_012_agentd_acp_arms.hy::test_adr_doe_agents_012_valve_defaults_off
PASSED docs/adr/defadr_doeff_agents_012_agentd_acp_arms.hy::test_adr_doe_agents_012_capture_stops_at_zero_subscribers
PASSED docs/adr/defadr_doeff_agents_012_agentd_acp_arms.hy::test_adr_doe_agents_012_borrowed_credentials_not_on_disk_in_plain
PASSED docs/adr/defadr_doeff_agents_012_agentd_acp_arms.hy::test_adr_doe_agents_012_running_jobs_settle_from_rows
PASSED docs/adr/defadr_doeff_agents_012_agentd_acp_arms.hy::test_adr_doe_agents_012_capture_gone_is_terminal_and_ticks_do_not_share_failure
PASSED docs/adr/defadr_doeff_agents_012_agentd_acp_arms.hy::test_adr_doe_agents_012_recovered_turns_do_not_claim_unread_output
PASSED docs/adr/defadr_doeff_agents_012_agentd_acp_arms.hy::test_adr_doe_agents_012_warm_session_send_instead_of_launch
PASSED docs/adr/defadr_doeff_agents_012_agentd_acp_arms.hy::test_adr_doe_agents_012_session_id_is_minted_by_agentd
PASSED docs/adr/defadr_doeff_agents_012_agentd_acp_arms.hy::test_adr_doe_agents_012_print_mode_has_one_home
PASSED docs/adr/defadr_doeff_agents_012_agentd_acp_arms.hy::test_adr_doe_agents_012_headless_events_are_the_live_stream
PASSED docs/adr/defadr_doeff_agents_012_agentd_acp_arms.hy::test_adr_doe_agents_012_conversation_cache_only_on_the_same_node_and_home
PASSED docs/adr/defadr_doeff_agents_012_agentd_acp_arms.hy::test_adr_doe_agents_012_turn_events_are_durable_mid_turn
PASSED docs/adr/defadr_doeff_agents_012_agentd_acp_arms.hy::test_adr_doe_agents_012_record_body_fields_are_read_from_one_declaration
PASSED docs/adr/defadr_doeff_agents_012_agentd_acp_arms.hy::test_adr_doe_agents_012_live_events_are_polled_within_50ms_while_watched
PASSED docs/adr/defadr_doeff_agents_012_agentd_acp_arms.hy::test_adr_doe_agents_012_withdraw_is_an_interrupt_signal
PASSED docs/adr/defadr_doeff_agents_012_agentd_acp_arms.hy::test_adr_doe_agents_012_watch_wake_reads_the_window_and_birth_landing
PASSED docs/adr/defadr_doeff_agents_012_agentd_acp_arms.hy::test_adr_doe_agents_012_mail_delivery_is_evidenced_by_the_row
PASSED docs/adr/defadr_doeff_agents_012_agentd_acp_arms.hy::test_adr_doe_agents_012_headless_first_turn_carries_the_mail
PASSED docs/adr/defadr_doeff_agents_012_agentd_acp_arms.hy::test_adr_doe_agents_012_join_is_one_command_and_one_decision_point
PASSED docs/adr/defadr_doeff_agents_012_agentd_acp_arms.hy::test_adr_doe_agents_012_a_privileged_place_needs_evidence_not_a_copied_declaration
PASSED docs/adr/defadr_doeff_agents_012_agentd_acp_arms.hy::test_adr_doe_agents_012_profile_observed_is_written_from_one_usage_point
PASSED docs/adr/defadr_doeff_agents_012_agentd_acp_arms.hy::test_adr_doe_agents_012_turn_credential_source_is_one_judgment
PASSED docs/adr/defadr_doeff_agents_012_agentd_acp_arms.hy::test_adr_doe_agents_012_capability_table_and_agent_setting_ignored_are_one_judgment
PASSED docs/adr/defadr_doeff_agents_012_agentd_acp_arms.hy::test_adr_doe_agents_012_backend_liveness_is_observed
PASSED docs/adr/defadr_doeff_agents_012_agentd_acp_arms.hy::test_adr_doe_agents_012_stop_drains_declared_nodes_before_closing
PASSED docs/adr/defadr_doeff_agents_012_agentd_acp_arms.hy::test_adr_doe_agents_012_node_names_its_agentd_version
PASSED docs/adr/defadr_doeff_agents_012_agentd_acp_arms.hy::test_adr_doe_agents_012_cancel_is_signal_grace_force_and_the_terminal_write_is_last
PASSED docs/adr/defadr_doeff_agents_012_agentd_acp_arms.hy::test_adr_doe_agents_012_every_terminal_write_carries_a_cause
PASSED docs/adr/defadr_doeff_agents_012_agentd_acp_arms.hy::test_adr_doe_agents_012_every_session_category_pins_its_retryable_next_to_its_job_outcome
PASSED docs/adr/defadr_doeff_agents_012_agentd_acp_arms.hy::test_adr_doe_agents_012_own_node_row_is_the_live_row_of_the_library
PASSED docs/adr/defadr_doeff_agents_012_agentd_acp_arms.hy::test_adr_doe_agents_012_bindings_name_the_node_by_its_row_id
PASSED docs/adr/defadr_doeff_agents_012_agentd_acp_arms.hy::test_adr_doe_agents_012_one_conversation_keeps_one_warm_session
PASSED docs/adr/defadr_doeff_agents_012_agentd_acp_arms.hy::test_adr_doe_agents_012_a_turn_never_runs_in_two_sessions
PASSED docs/adr/defadr_doeff_agents_012_agentd_acp_arms.hy::test_adr_doe_agents_012_profile_observation_has_a_slot_per_node
PASSED docs/adr/defadr_doeff_agents_012_agentd_acp_arms.hy::test_adr_doe_agents_012_stop_closes_running_turns
PASSED docs/adr/defadr_doeff_agents_012_agentd_acp_arms.hy::test_adr_doe_agents_012_conversations_compact_at_their_threshold
PASSED docs/adr/defadr_doeff_agents_012_agentd_acp_arms.hy::test_adr_doe_agents_012_node_row_is_named_by_the_machine
PASSED docs/adr/defadr_doeff_agents_012_agentd_acp_arms.hy::test_adr_doe_agents_012_interrupts_are_read_within_the_deadline
PASSED docs/adr/defadr_doeff_agents_012_agentd_acp_arms.hy::test_adr_doe_agents_012_turn_credential_rides_the_turn
PASSED docs/adr/defadr_doeff_agents_012_agentd_acp_arms.hy::test_adr_doe_agents_012_seat_facing_env_is_declared_once_and_loses_to_the_conversation
PASSED docs/adr/defadr_doeff_agents_012_agentd_acp_arms.hy::test_adr_doe_agents_012_attachment_spelling_lives_in_the_dialogue
PASSED docs/adr/defadr_doeff_agents_012_agentd_acp_arms.hy::test_adr_doe_agents_012_fake_clis_freeze_the_attachment_spelling
PASSED docs/adr/defadr_doeff_agents_012_agentd_acp_arms.hy::test_adr_doe_agents_012_interrupts_ride_the_running_turn
PASSED docs/adr/defadr_doeff_agents_012_agentd_acp_arms.hy::test_adr_doe_agents_012_the_process_that_closes_a_turn_returns_the_lease
PASSED docs/adr/defadr_doeff_agents_012_agentd_acp_arms.hy::test_adr_doe_agents_012_a_held_credential_lease_is_a_lost_attempt
PASSED docs/adr/defadr_doeff_agents_012_agentd_acp_arms.hy::test_adr_doe_agents_012_a_custody_refusal_names_who_can_answer
PASSED docs/adr/defadr_doeff_agents_012_agentd_acp_arms.hy::test_adr_doe_agents_012_a_lender_outage_is_judged_by_the_custody_contract
PASSED docs/adr/defadr_doeff_agents_012_agentd_acp_arms.hy::test_adr_doe_agents_012_claude_turn_end_is_process_end
PASSED docs/adr/defadr_doeff_agents_012_agentd_acp_arms.hy::test_adr_doe_agents_012_the_halves_split_without_a_second_declaration
PASSED docs/adr/defadr_doeff_agents_012_agentd_acp_arms.hy::test_adr_doe_agents_012_the_control_plane_process_exits_without_closing_turns
PASSED docs/adr/defadr_doeff_agents_012_agentd_acp_arms.hy::test_adr_doe_agents_012_draining_is_one_signal_read_from_outside
PASSED docs/adr/defadr_doeff_agents_012_agentd_acp_arms.hy::test_adr_doe_agents_012_the_host_only_reads_the_drain_marker_once
PASSED docs/adr/defadr_doeff_agents_012_agentd_acp_arms.hy::test_adr_doe_agents_012_the_drain_marker_path_env_is_spelled_at_two_points
PASSED docs/adr/defadr_doeff_agents_012_agentd_acp_arms.hy::test_adr_doe_agents_012_the_drain_marker_module_only_reads
PASSED docs/adr/defadr_doeff_agents_012_agentd_acp_arms.hy::test_adr_doe_agents_012_the_node_declares_only_the_agent_kinds_it_can_launch
PASSED docs/adr/defadr_doeff_agents_012_agentd_acp_arms.hy::test_adr_doe_agents_012_a_continued_turn_record_is_realigned_at_one_point
PASSED docs/adr/defadr_doeff_agents_012_agentd_acp_arms.hy::test_adr_doe_agents_012_a_continued_turn_points_at_the_handed_mail
PASSED docs/adr/defadr_doeff_agents_012_agentd_acp_arms.hy::test_adr_doe_agents_012_the_agentd_puts_its_own_record_destination_on_the_seat
PASSED docs/adr/defadr_doeff_agents_012_agentd_acp_arms.hy::test_runner_owned_seat_env_spelled_once_defsemgrep
PASSED docs/adr/defadr_doeff_agents_012_agentd_acp_arms.hy::test_r61_agent_argv_head_names_the_driver_executable_defsemgrep
PASSED docs/adr/defadr_doeff_agents_012_agentd_acp_arms.hy::test_r61_agent_binary_default_names_the_driver_executable_defsemgrep
PASSED docs/adr/defadr_doeff_agents_012_agentd_acp_arms.hy::test_r61_executable_lookup_has_one_home_defsemgrep
PASSED docs/adr/defadr_doeff_agents_012_agentd_acp_arms.hy::test_r61_driver_lookup_reads_only_the_path_defsemgrep
PASSED docs/adr/defadr_doeff_agents_012_agentd_acp_arms.hy::test_ADR_DOE_AGENTS_012_adr_contract
PASSED tests/test_enforcement_ledger.py::test_enforcement_inventory_matches_ledger
PASSED packages/doeff-agents/tests/test_sessionhost_policy.py::test_api_limit_blocked_api_non_terminal
PASSED packages/doeff-agents/tests/test_sessionhost_policy.py::test_api_limit_latch_outranks_provider_failure_latch
PASSED packages/doeff-agents/tests/test_sessionhost_policy.py::test_api_limit_observation_latches_durably
PASSED packages/doeff-agents/tests/test_sessionhost_policy.py::test_awaiting_cleared_by_conversation_progress
PASSED packages/doeff-agents/tests/test_sessionhost_policy.py::test_awaiting_not_cleared_by_delivery_write
PASSED packages/doeff-agents/tests/test_sessionhost_policy.py::test_blocked_quiescent_tick_records_no_event
PASSED packages/doeff-agents/tests/test_sessionhost_policy.py::test_blocked_transition_records_single_event_across_cycles
PASSED packages/doeff-agents/tests/test_sessionhost_policy.py::test_classification_failure_beats_api_limit
PASSED packages/doeff-agents/tests/test_sessionhost_policy.py::test_effect_vocabulary_contracts
PASSED packages/doeff-agents/tests/test_sessionhost_policy.py::test_failed_output_cause_frozen_table
PASSED packages/doeff-agents/tests/test_sessionhost_policy.py::test_failed_output_with_latch_rate_limited
PASSED packages/doeff-agents/tests/test_sessionhost_policy.py::test_failed_output_with_provider_failure_latch_is_not_run_failed
PASSED packages/doeff-agents/tests/test_sessionhost_policy.py::test_golden_result_first_done
PASSED packages/doeff-agents/tests/test_sessionhost_policy.py::test_healthy_frames_never_latch_a_provider_failure
PASSED packages/doeff-agents/tests/test_sessionhost_policy.py::test_interactive_turn_end_noop
PASSED packages/doeff-agents/tests/test_sessionhost_policy.py::test_judge_before_solicitation
PASSED packages/doeff-agents/tests/test_sessionhost_policy.py::test_judge_disabled_degrades_to_solicitation
PASSED packages/doeff-agents/tests/test_sessionhost_policy.py::test_judge_error_turn_end_degrades_to_solicitation
PASSED packages/doeff-agents/tests/test_sessionhost_policy.py::test_judge_inconclusive_turn_end_falls_to_solicitation
PASSED packages/doeff-agents/tests/test_sessionhost_policy.py::test_latch_blocks_turn_end_until_active
PASSED packages/doeff-agents/tests/test_sessionhost_policy.py::test_latch_clears_on_turn_activity
PASSED packages/doeff-agents/tests/test_sessionhost_policy.py::test_launch_timeout_disarmed_after_startup
PASSED packages/doeff-agents/tests/test_sessionhost_policy.py::test_launch_timeout_fires_from_gap_base
PASSED packages/doeff-agents/tests/test_sessionhost_policy.py::test_launch_timeout_watchdog
PASSED packages/doeff-agents/tests/test_sessionhost_policy.py::test_launch_timeout_window_restarts_after_gap
PASSED packages/doeff-agents/tests/test_sessionhost_policy.py::test_managed_dialog_fast_path
PASSED packages/doeff-agents/tests/test_sessionhost_policy.py::test_monitor_discovers_conversation
PASSED packages/doeff-agents/tests/test_sessionhost_policy.py::test_monitor_discovery_absent_defers
PASSED packages/doeff-agents/tests/test_sessionhost_policy.py::test_monitor_discovery_skips_known_conversation
PASSED packages/doeff-agents/tests/test_sessionhost_policy.py::test_monitor_knobs_frozen_defaults
PASSED packages/doeff-agents/tests/test_sessionhost_policy.py::test_monitor_leaves_booting_row_to_launch_pipeline
PASSED packages/doeff-agents/tests/test_sessionhost_policy.py::test_monitor_reaps_booting_row_after_boot_timeout
PASSED packages/doeff-agents/tests/test_sessionhost_policy.py::test_multi_turn_is_monitored_but_not_stall_reaped
PASSED packages/doeff-agents/tests/test_sessionhost_policy.py::test_multi_turn_turn_end_not_stamped_while_awaiting_or_fresh
PASSED packages/doeff-agents/tests/test_sessionhost_policy.py::test_multi_turn_turn_end_stamps_turn_ended_at_and_keeps_the_session
PASSED packages/doeff-agents/tests/test_sessionhost_policy.py::test_per_session_isolation
PASSED packages/doeff-agents/tests/test_sessionhost_policy.py::test_provider_failure_does_not_override_transient_defaults
PASSED packages/doeff-agents/tests/test_sessionhost_policy.py::test_provider_failure_observation_latches_durably
PASSED packages/doeff-agents/tests/test_sessionhost_policy.py::test_result_first_wins_at_turn_end
PASSED packages/doeff-agents/tests/test_sessionhost_policy.py::test_rtc_without_contract_turn_end_done
PASSED packages/doeff-agents/tests/test_sessionhost_policy.py::test_running_quiescent_tick_records_no_observed_event
PASSED packages/doeff-agents/tests/test_sessionhost_policy.py::test_send_program_arms_the_awaiting_latch_only_when_asked
PASSED packages/doeff-agents/tests/test_sessionhost_policy.py::test_solicitation_exhaustion_live_fable_wording_rate_limited
PASSED packages/doeff-agents/tests/test_sessionhost_policy.py::test_solicitation_exhaustion_live_marker_rate_limited
PASSED packages/doeff-agents/tests/test_sessionhost_policy.py::test_solicitation_exhaustion_live_reauth_wording_is_auth_failed
PASSED packages/doeff-agents/tests/test_sessionhost_policy.py::test_solicitation_exhaustion_runfailed
PASSED packages/doeff-agents/tests/test_sessionhost_policy.py::test_solicitation_exhaustion_with_access_revoked_is_auth_failed
PASSED packages/doeff-agents/tests/test_sessionhost_policy.py::test_solicitation_exhaustion_with_context_exhausted_stays_deterministic
PASSED packages/doeff-agents/tests/test_sessionhost_policy.py::test_solicitation_exhaustion_with_latch_rate_limited
PASSED packages/doeff-agents/tests/test_sessionhost_policy.py::test_solicitation_exhaustion_with_reauth_latch_is_auth_failed
PASSED packages/doeff-agents/tests/test_sessionhost_policy.py::test_solicitation_verbatim_latch_counter
PASSED packages/doeff-agents/tests/test_sessionhost_policy.py::test_stale_observation_gap_event_is_rate_bounded
PASSED packages/doeff-agents/tests/test_sessionhost_policy.py::test_stale_observation_holds_and_records_gap
PASSED packages/doeff-agents/tests/test_sessionhost_policy.py::test_stale_observation_with_dead_session_vanishes
PASSED packages/doeff-agents/tests/test_sessionhost_policy.py::test_stall_judge_blocked_sends_keys
PASSED packages/doeff-agents/tests/test_sessionhost_policy.py::test_stall_judge_bounded_then_exhausted_failure
PASSED packages/doeff-agents/tests/test_sessionhost_policy.py::test_stall_judge_error_typed_failure
PASSED packages/doeff-agents/tests/test_sessionhost_policy.py::test_stall_no_judge_immediate_typed_failure
PASSED packages/doeff-agents/tests/test_sessionhost_policy.py::test_stall_unblock_vetoed_on_fresh_busy_capture
PASSED packages/doeff-agents/tests/test_sessionhost_policy.py::test_stall_with_latch_rate_limited
PASSED packages/doeff-agents/tests/test_sessionhost_policy.py::test_taxonomy_first_write_wins
PASSED packages/doeff-agents/tests/test_sessionhost_policy.py::test_terminal_cause_retryable_frozen_table
PASSED packages/doeff-agents/tests/test_sessionhost_policy.py::test_tmux_gone_result_first_done
PASSED packages/doeff-agents/tests/test_sessionhost_policy.py::test_tmux_gone_without_result_vanished
PASSED packages/doeff-agents/tests/test_sessionhost_policy.py::test_turn_activity_residue_does_not_mask_blocked
PASSED packages/doeff-agents/tests/test_sessionhost_policy.py::test_turn_end_fires_when_conversation_quiescent
PASSED packages/doeff-agents/tests/test_sessionhost_policy.py::test_turn_end_not_declared_while_conversation_fresh
PASSED packages/doeff-agents/tests/test_sessionhost_policy.py::test_turn_end_not_declared_while_queued_messages
PASSED packages/doeff-agents/tests/test_sessionhost_policy.py::test_turn_end_requires_stable_tail
PASSED packages/doeff-agents/tests/test_sessionhost_policy.py::test_unblock_keys_vetoed_on_fresh_active_capture
PASSED packages/doeff-agents/tests/test_sessionhost_policy.py::test_unblock_keys_vetoed_on_queued_messages
PASSED packages/doeff-agents/tests/test_sessionhost_policy.py::test_unsubmitted_paste_resubmit
PASSED packages/doeff-agents/tests/test_sessionhost_policy.py::test_waiting_marker_blocked
PASSED packages/doeff-agents/tests/test_sessionhost_policy.py::test_working_pane_with_waiting_footer_stays_running
PASSED packages/doeff-agents/tests/test_sessionhost_policy.py::test_zombie_reaper_idle_shell
PASSED packages/doeff-agents/tests/test_sessionhost_cache_maintenance.py::test_cache_maintenance_program[test_cache_probe_answers_the_same_on_every_event_store]
PASSED packages/doeff-agents/tests/test_sessionhost_cache_maintenance.py::test_cache_maintenance_program[test_claim_loser_and_terminal_replay_never_send]
PASSED packages/doeff-agents/tests/test_sessionhost_cache_maintenance.py::test_cache_maintenance_program[test_clock_swapped_idle_cleanup_ping_and_next_cycle]
PASSED packages/doeff-agents/tests/test_sessionhost_cache_maintenance.py::test_cache_maintenance_program[test_expired_request_never_starts_and_lost_running_result_is_unknown]
PASSED packages/doeff-agents/tests/test_sessionhost_cache_maintenance.py::test_cache_maintenance_program[test_live_handler_composition_runs_with_zero_normal_capacity]
PASSED packages/doeff-agents/tests/test_sessionhost_cache_maintenance.py::test_cache_maintenance_program[test_response_loss_and_worker_restart_probe_instead_of_resending]
PASSED packages/doeff-agents/tests/test_sessionhost_cache_maintenance.py::test_cache_maintenance_program[test_special_operation_does_not_request_a_turn_or_read_queue_capacity]
PASSED packages/doeff-agents/tests/test_sessionhost_cache_maintenance.py::test_cache_maintenance_program[test_wrong_node_profile_and_company_boundary_cannot_be_bypassed]
PASSED packages/doeff-agents/tests/test_sessionhost_acp_ended_cause.py::test_the_closed_categories_are_the_contracts_five_words
PASSED packages/doeff-agents/tests/test_sessionhost_acp_ended_cause.py::test_a_naturally_ended_turn_carries_completed_with_or_without_a_value
PASSED packages/doeff-agents/tests/test_sessionhost_acp_ended_cause.py::test_a_failed_session_carries_failed_with_the_condition_type
PASSED packages/doeff-agents/tests/test_sessionhost_acp_ended_cause.py::test_a_provider_limit_refusal_is_not_a_terminal_and_carries_no_result
PASSED packages/doeff-agents/tests/test_sessionhost_acp_ended_cause.py::test_a_turn_closed_without_a_session_carries_failed_with_the_closing_condition
PASSED packages/doeff-agents/tests/test_sessionhost_acp_ended_cause.py::test_a_withdrawn_running_turn_carries_interrupted_withdrawn_on_the_withdrawn_row
PASSED packages/doeff-agents/tests/test_sessionhost_acp_ended_cause.py::test_the_stop_of_agentd_carries_agentd_stopped_drain_deadline
PASSED packages/doeff-agents/tests/test_sessionhost_acp_ended_cause.py::test_a_host_drained_row_carries_agentd_stopped_host_drained_with_the_host_drained_condition
PASSED packages/doeff-agents/tests/test_sessionhost_acp_ended_cause.py::test_job_outcome_of_maps_only_the_host_drained_row_to_the_planned_stop
PASSED packages/doeff-agents/tests/test_sessionhost_acp_ended_cause.py::test_the_terminal_write_refuses_a_missing_or_foreign_cause_and_composes_the_result
PASSED packages/doeff-agents/tests/test_sessionhost_headless_events.py::test_locator_names_the_session_and_the_cache_op
PASSED packages/doeff-agents/tests/test_sessionhost_headless_events.py::test_every_store_reads_back_stdout_lines_after_a_cursor[outbox]
PASSED packages/doeff-agents/tests/test_sessionhost_headless_events.py::test_every_store_reads_back_stdout_lines_after_a_cursor[memory]
PASSED packages/doeff-agents/tests/test_sessionhost_headless_events.py::test_every_store_reads_back_stdout_lines_after_a_cursor[file]
PASSED packages/doeff-agents/tests/test_sessionhost_headless_events.py::test_outbox_store_writes_no_file
PASSED packages/doeff-agents/tests/test_sessionhost_headless_events.py::test_outbox_numbers_turns_and_sequences_per_session
PASSED packages/doeff-agents/tests/test_sessionhost_headless_events.py::test_shipper_sends_the_tiered_row_shape_and_marks_only_what_the_collector_took
PASSED packages/doeff-agents/tests/test_sessionhost_headless_events.py::test_prune_removes_only_shipped_rows_of_sessions_ended_before_the_cutoff
PASSED packages/doeff-agents/tests/test_sessionhost_headless_events.py::test_attribution_reads_only_the_agentd_block
PASSED packages/doeff-agents/tests/test_sessionhost_headless_events.py::test_the_file_store_is_todays_physics_for_the_mac
PASSED packages/doeff-agents/tests/test_sessionhost_headless_events.py::test_agentd_reads_events_only_through_the_host_rpc
PASSED packages/doeff-agents/tests/test_sessionhost_headless_events.py::test_the_composition_root_swaps_in_the_outbox_only_when_the_tiered_store_is_named
PASSED packages/doeff-agents/tests/test_sessionhost_headless_events.py::test_a_line_the_tiered_store_cannot_take_is_held_locally_and_does_not_block_the_shipper
PASSED packages/doeff-agents/tests/test_sessionhost_headless_events.py::test_batches_are_split_by_body_bytes_and_a_413_is_narrowed_to_the_one_line
PASSED packages/doeff-agents/tests/test_sessionhost_headless_events.py::test_other_refusals_keep_the_rows_unshipped_for_the_next_tick
PASSED packages/doeff-agents/tests/test_sessionhost_headless_events.py::test_event_times_come_from_the_doeff_time_clock_not_the_os
PASSED packages/doeff-agents/tests/test_sessionhost_headless_events.py::test_prune_reads_the_same_doeff_time_clock
186 passed in 344.19s (0:05:44)
