# post-rebase batch 1 @ 7d397f239efe363dbf70ff35ddb75c058b04e521 (origin/main 403785729e0251264d9c52a2917ebf4266b2955e): docs/adr/defadr_doeff_hy_004_defk_only.hy::test_adr_doe_hy_004_deff_ratchet packages/doeff-agents/tests/test_sessionhost_store.py packages/doeff-agents/tests/test_sessionhost_transaction_owner.py
   Building doeff @ file:///home/kento/.worktrees/doeff-wt-639-sessionhost-defk
      Built doeff @ file:///home/kento/.worktrees/doeff-wt-639-sessionhost-defk
Uninstalled 1 package in 20ms
warning: Failed to hardlink files; falling back to full copy. This may lead to degraded performance.
         If the cache and target directories are on different filesystems, hardlinking may not be supported.
         If this is intentional, set `export UV_LINK_MODE=copy` or use `--link-mode=copy` to suppress this warning.
Installed 1 package in 4ms
test-admission: focused — 31 件(変更箇所の検証)
...............................                                          [100%]
=============================== warnings summary ===============================
packages/doeff-adr/src/doeff_adr/pytest_plugin.py:156
  /home/kento/.worktrees/doeff-wt-639-sessionhost-defk/packages/doeff-adr/src/doeff_adr/pytest_plugin.py:156: PytestWarning: doeff-adr wiring verification warning: executable ADR files exist but were not collected:
    - docs/adr/defadr_doeff_adr_001_wiring_selfcheck.hy
    - docs/adr/defadr_doeff_agents_001_await_result_public_boundary.hy
    - docs/adr/defadr_doeff_agents_002_agentd_tui_boundary_contracts.hy
    - docs/adr/defadr_doeff_agents_003_explicit_agent_auth.hy
    - docs/adr/defadr_doeff_agents_004_effects_session_host.hy
    - docs/adr/defadr_doeff_agents_005_inprocess_result_transport.hy
    - docs/adr/defadr_doeff_agents_006_conversation_resume_fork.hy
    - docs/adr/defadr_doeff_agents_007_koine_session_surface.hy
    - docs/adr/defadr_doeff_agents_008_ready_physics_single_home.hy
    - docs/adr/defadr_doeff_agents_009_observation_supply_cut.hy
    - docs/adr/defadr_doeff_agents_010_unsubmitted_prompt_terminal_sweep.hy
    - docs/adr/defadr_doeff_agents_011_launch_readiness_and_prompt_delivery.hy
    - docs/adr/defadr_doeff_agents_012_agentd_acp_arms.hy
    - docs/adr/defadr_doeff_agents_013_driver_io_through_handlers.hy
    - docs/adr/defadr_doeff_core_001_spawn_boundary_inheritance.hy
    - docs/adr/defadr_doeff_core_002_lazy_creation_trace.hy
    - docs/adr/defadr_doeff_core_effects_001_slog_observability.hy
    - docs/adr/defadr_doeff_core_effects_002_handler_frame_reclamation.hy
    - docs/adr/defadr_doeff_domain_001_vocabulary_cohesion.hy
    - docs/adr/defadr_doeff_enforce_001_pytest_canonical_gate.hy
    - docs/adr/defadr_doeff_enforce_002_semgrep_p0_fixtures.hy
    - docs/adr/defadr_doeff_hy_001_statement_bind_guard.hy
    - docs/adr/defadr_doeff_hy_002_deftest_expressiveness.hy
    - docs/adr/defadr_doeff_hy_003_bang_evaluation_position.hy
    - docs/adr/defadr_doeff_hy_005_typecheck_and_record_fences.hy
    - docs/adr/defadr_doeff_preset_001_retirement.hy
  Add their directories to pytest testpaths or the CI pytest arguments. Use doeff_adr_wiring=off only for an intentional opt-out.
    warnings.warn(pytest.PytestWarning(message), stacklevel=1)

-- Docs: https://docs.pytest.org/en/stable/how-to/capture-warnings.html
31 passed, 1 warning in 36.32s
EXIT=0
