test-admission: focused — 2 件(変更箇所の検証)
+++++++++++++++++++++++++++++++++++ Timeout ++++++++++++++++++++++++++++++++++++
~~~~~~~~~~~~~~~~~~~~~~~~ Stack of Thread-2 (6156382208) ~~~~~~~~~~~~~~~~~~~~~~~~
  File "/Users/kento/.local/share/uv/python/cpython-3.14.3+freethreaded-macos-aarch64-none/lib/python3.14t/threading.py", line 1044, in _bootstrap
    self._bootstrap_inner()
  File "/Users/kento/.local/share/uv/python/cpython-3.14.3+freethreaded-macos-aarch64-none/lib/python3.14t/threading.py", line 1082, in _bootstrap_inner
    self._context.run(self.run)
  File "/Users/kento/.local/share/uv/python/cpython-3.14.3+freethreaded-macos-aarch64-none/lib/python3.14t/threading.py", line 1383, in run
    self.finished.wait(self.interval)
  File "/Users/kento/.local/share/uv/python/cpython-3.14.3+freethreaded-macos-aarch64-none/lib/python3.14t/threading.py", line 670, in wait
    signaled = self._cond.wait(timeout)
  File "/Users/kento/.local/share/uv/python/cpython-3.14.3+freethreaded-macos-aarch64-none/lib/python3.14t/threading.py", line 373, in wait
    gotit = waiter.acquire(True, timeout)
~~~~~~~~~~~~~~~~~ Stack of Thread-1 (_watch_loop) (6139555840) ~~~~~~~~~~~~~~~~~
  File "/Users/kento/.local/share/uv/python/cpython-3.14.3+freethreaded-macos-aarch64-none/lib/python3.14t/threading.py", line 1044, in _bootstrap
    self._bootstrap_inner()
  File "/Users/kento/.local/share/uv/python/cpython-3.14.3+freethreaded-macos-aarch64-none/lib/python3.14t/threading.py", line 1082, in _bootstrap_inner
    self._context.run(self.run)
  File "/Users/kento/.local/share/uv/python/cpython-3.14.3+freethreaded-macos-aarch64-none/lib/python3.14t/threading.py", line 1024, in run
    self._target(*self._args, **self._kwargs)
  File "/Users/kento/.worktrees/doeff-wt-639-m5/tests/conftest.py", line 191, in _watch_loop
    while not self.stop_event.wait(max(self.poll_interval, 0.1)):
  File "/Users/kento/.local/share/uv/python/cpython-3.14.3+freethreaded-macos-aarch64-none/lib/python3.14t/threading.py", line 670, in wait
    signaled = self._cond.wait(timeout)
  File "/Users/kento/.local/share/uv/python/cpython-3.14.3+freethreaded-macos-aarch64-none/lib/python3.14t/threading.py", line 373, in wait
    gotit = waiter.acquire(True, timeout)
+++++++++++++++++++++++++++++++++++ Timeout ++++++++++++++++++++++++++++++++++++
F.                                                                       [100%]
=================================== FAILURES ===================================
________________________________ test_slow_one _________________________________

    def test_slow_one():
>       time.sleep(60)
E       Failed: Timeout (>3.0s) from pytest-timeout.

tests/_wt639_probe/test_slow_probe.py:5: Failed
=============================== warnings summary ===============================
packages/doeff-adr/src/doeff_adr/pytest_plugin.py:156
  /Users/kento/.worktrees/doeff-wt-639-m5/packages/doeff-adr/src/doeff_adr/pytest_plugin.py:156: PytestWarning: doeff-adr wiring verification warning: executable ADR files exist but were not collected:
    - docs/adr/defadr_doeff_adr_001_wiring_selfcheck.hy
    - docs/adr/defadr_doeff_agents_001_await_result_public_boundary.hy
    - docs/adr/defadr_doeff_agents_002_agentd_tui_boundary_contracts.hy
    - docs/adr/defadr_doeff_agents_003_explicit_agent_auth.hy
    - docs/adr/defadr_doeff_agents_004_effects_session_host.hy
    - docs/adr/defadr_doeff_agents_005_inprocess_result_transport.hy
    - docs/adr/defadr_doeff_agents_006_conversation_resume_fork.hy
    - docs/adr/defadr_doeff_agents_007_koine_session_surface.hy
    - docs/adr/defadr_doeff_agents_008_ready_physics_single_home.hy
    - docs/adr/defadr_doeff_agents_009_observation_supply_cut.hy
    - docs/adr/defadr_doeff_agents_010_unsubmitted_prompt_terminal_sweep.hy
    - docs/adr/defadr_doeff_agents_011_launch_readiness_and_prompt_delivery.hy
    - docs/adr/defadr_doeff_agents_012_agentd_acp_arms.hy
    - docs/adr/defadr_doeff_agents_013_driver_io_through_handlers.hy
    - docs/adr/defadr_doeff_core_001_spawn_boundary_inheritance.hy
    - docs/adr/defadr_doeff_core_002_lazy_creation_trace.hy
    - docs/adr/defadr_doeff_core_effects_001_slog_observability.hy
    - docs/adr/defadr_doeff_core_effects_002_handler_frame_reclamation.hy
    - docs/adr/defadr_doeff_domain_001_vocabulary_cohesion.hy
    - docs/adr/defadr_doeff_enforce_001_pytest_canonical_gate.hy
    - docs/adr/defadr_doeff_enforce_002_semgrep_p0_fixtures.hy
    - docs/adr/defadr_doeff_hy_001_statement_bind_guard.hy
    - docs/adr/defadr_doeff_hy_002_deftest_expressiveness.hy
    - docs/adr/defadr_doeff_hy_003_bang_evaluation_position.hy
    - docs/adr/defadr_doeff_hy_004_defk_only.hy
    - docs/adr/defadr_doeff_hy_005_typecheck_and_record_fences.hy
    - docs/adr/defadr_doeff_preset_001_retirement.hy
  Add their directories to pytest testpaths or the CI pytest arguments. Use doeff_adr_wiring=off only for an intentional opt-out.
    warnings.warn(pytest.PytestWarning(message), stacklevel=1)

-- Docs: https://docs.pytest.org/en/stable/how-to/capture-warnings.html
=========================== short test summary info ============================
FAILED tests/_wt639_probe/test_slow_probe.py::test_slow_one - Failed: Timeout...
1 failed, 1 passed, 1 warning in 3.24s
