# 対象版: agora-controllers 3bf9db5079646a970097c5db6e35d6d80cb0693c + M5 の書き換え(未 commit)・doeff 757daf3dbe9695cb72b8e52e3b0ad89153ebb2fd・命令: pytest -v <ADR の file>
00:49:20
============================= test session starts ==============================
platform linux -- Python 3.14.3, pytest-9.1.1, pluggy-1.6.0 -- /home/kento/.worktrees/doeff-wt-639-cluster-no-macros/.venv/bin/python
cachedir: .pytest_cache
rootdir: /home/kento/.worktrees/agora-controllers-wt-639-service-bodies-by-value
configfile: pyproject.toml
plugins: anyio-4.14.2, doeff-adr-0.1.0, timeout-2.4.0, doeff-hy-0.1.0, xdist-3.8.0, asyncio-1.4.0
timeout: 2900.0s
timeout method: signal
timeout func_only: False
asyncio: mode=Mode.STRICT, debug=False, asyncio_default_fixture_loop_scope=None, asyncio_default_test_loop_scope=function
collecting ... collected 10 items
test-admission: focused — 10 件(変更箇所の検証)

controllers/worker/adr/defadr_worker_business_code_touches_io_only_through_effects.hy::test_worker_files_rule_defsemgrep PASSED [ 10%]
controllers/worker/adr/defadr_worker_business_code_touches_io_only_through_effects.hy::test_worker_locks_rule_defsemgrep PASSED [ 20%]
controllers/worker/adr/defadr_worker_business_code_touches_io_only_through_effects.hy::test_worker_network_rule_defsemgrep PASSED [ 30%]
controllers/worker/adr/defadr_worker_business_code_touches_io_only_through_effects.hy::test_worker_bypass_rule_defsemgrep PASSED [ 40%]
controllers/worker/adr/defadr_worker_business_code_touches_io_only_through_effects.hy::test_a_service_body_that_touches_a_file_is_red_wherever_it_is_declared PASSED [ 50%]
controllers/worker/adr/defadr_worker_business_code_touches_io_only_through_effects.hy::test_a_declaration_the_checker_cannot_read_is_red PASSED [ 60%]
controllers/worker/adr/defadr_worker_business_code_touches_io_only_through_effects.hy::test_the_service_bodies_in_this_repo_touch_no_lock_socket_file PASSED [ 70%]
controllers/worker/adr/defadr_worker_business_code_touches_io_only_through_effects.hy::test_each_bad_example_hits_its_own_rule_and_no_good_example_hits_any PASSED [ 80%]
controllers/worker/adr/defadr_worker_business_code_touches_io_only_through_effects.hy::test_the_worker_code_in_this_repo_has_no_violation PASSED [ 90%]
controllers/worker/adr/defadr_worker_business_code_touches_io_only_through_effects.hy::test_ADR_WORKER_BUSINESS_CODE_IO_THROUGH_EFFECTS_adr_contract PASSED [100%]

=============================== warnings summary ===============================
../doeff-wt-639-cluster-no-macros/packages/doeff-adr/src/doeff_adr/pytest_plugin.py:156
  /home/kento/.worktrees/doeff-wt-639-cluster-no-macros/packages/doeff-adr/src/doeff_adr/pytest_plugin.py:156: PytestWarning: doeff-adr wiring verification warning: executable ADR files exist but were not collected:
    - controllers/agora_sim/adr/defadr_business_logic_is_verified_on_the_emulated_environment.hy
    - controllers/agora_sim/adr/defadr_clock_effects_come_from_doeff_time.hy
    - controllers/agora_sim/adr/defadr_controllers_choose_environment_by_handler_set.hy
    - controllers/agora_sim/adr/defadr_turn_boundary.hy
    - controllers/agora_sim/adr/defadr_turn_invariants.hy
    - controllers/agora_sim/adr/defadr_verification_is_backtest_not_shadow.hy
    - controllers/agora_sim/assignment_checks/tests/test_checks.hy
    - controllers/agora_sim/assignment_checks/tests/test_controller_env.hy
    - controllers/agora_sim/assignment_checks/tests/test_driver.hy
    - controllers/agora_sim/assignment_checks/tests/test_properties.hy
    - controllers/agora_sim/assignment_checks/tests/test_scenarios_a.hy
    - controllers/agora_sim/assignment_checks/tests/test_scenarios_b.hy
    - controllers/agora_sim/assignment_checks/tests/test_scenarios_c.hy
    - controllers/agora_sim/assignment_checks/tests/test_scenarios_d.hy
    - controllers/agora_sim/assignment_checks/tests/test_scenarios_e.hy
    - controllers/agora_sim/tests/test_automation_retention.hy
    - controllers/agora_sim/tests/test_automation_system.hy
    - controllers/agora_sim/tests/test_backtest.hy
    - controllers/agora_sim/tests/test_business_logic_on_sim.hy
    - controllers/agora_sim/tests/test_emulated_agent_task.hy
    - controllers/agora_sim/tests/test_emulated_agent_task_translation.hy
    - controllers/agora_sim/tests/test_emulated_artifact.hy
    - controllers/agora_sim/tests/test_emulated_budget.hy
    - controllers/agora_sim/tests/test_emulated_cache_keepalive.hy
    - controllers/agora_sim/tests/test_emulated_chat_backfill.hy
    - controllers/agora_sim/tests/test_emulated_classifier.hy
    - controllers/agora_sim/tests/test_emulated_conversation.hy
    - controllers/agora_sim/tests/test_emulated_coordinator.hy
    - controllers/agora_sim/tests/test_emulated_custody.hy
    - controllers/agora_sim/tests/test_emulated_durable.hy
    - controllers/agora_sim/tests/test_emulated_local_agora.hy
    - controllers/agora_sim/tests/test_emulated_local_agora_screen.hy
    - controllers/agora_sim/tests/test_emulated_messaging.hy
    - controllers/agora_sim/tests/test_emulated_nodeboot.hy
    - controllers/agora_sim/tests/test_emulated_record.hy
    - controllers/agora_sim/tests/test_emulated_scheduling.hy
    - controllers/agora_sim/tests/test_emulated_screen.hy
    - controllers/agora_sim/tests/test_emulated_screen_settings.hy
    - controllers/agora_sim/tests/test_emulated_screen_settings_backtest.hy
    - controllers/agora_sim/tests/test_emulated_screen_view_units.hy
    - controllers/agora_sim/tests/test_emulated_turnusage.hy
    - controllers/agora_sim/tests/test_emulated_writers.hy
    - controllers/agora_sim/tests/test_fake_agent.hy
    - controllers/agora_sim/tests/test_full_system.hy
    - controllers/agora_sim/tests/test_full_system_parts.hy
    - controllers/agora_sim/tests/test_incident_2026_09_23_cards_unplaced.hy
    - controllers/agora_sim/tests/test_incident_2026_09_23_send_to_start.hy
    - controllers/agora_sim/tests/test_incident_2026_09_24_queued_message_dropped.hy
    - controllers/agora_sim/tests/test_incident_2026_09_25_pool_disk_full.hy
    - controllers/agora_sim/tests/test_invariant_indexes.hy
    - controllers/agora_sim/tests/test_kanban_system.hy
    - controllers/agora_sim/tests/test_live_tail_on_turn_world.hy
    - controllers/agora_sim/tests/test_local_agora_e2e.hy
    - controllers/agora_sim/tests/test_peer_acp_messaging.hy
    - controllers/agora_sim/tests/test_peer_agentd.hy
    - controllers/agora_sim/tests/test_peer_agora1_assets.hy
    - controllers/agora_sim/tests/test_peer_cache_ping_target.hy
    - controllers/agora_sim/tests/test_peer_clickhouse.hy
    - controllers/agora_sim/tests/test_peer_headless_worker.hy
    - controllers/agora_sim/tests/test_peer_herdr_daemon.hy
    - controllers/agora_sim/tests/test_peer_jev.hy
    - controllers/agora_sim/tests/test_peer_k8s_configmap.hy
    - controllers/agora_sim/tests/test_peer_screen_client.hy
    - controllers/agora_sim/tests/test_reason_families_across_contracts.hy
    - controllers/agora_sim/tests/test_shared_world.hy
    - controllers/agora_sim/tests/test_turn_backtest.hy
    - controllers/agora_sim/tests/test_turn_invariants.hy
    - controllers/agora_sim/tests/test_turn_record_backtest.hy
    - controllers/agora_sim/tests/test_turn_scheduler.hy
    - controllers/agora_sim/tests/test_turn_scheduler_properties.hy
    - controllers/agora_sim/tests/test_typed_values.hy
    - controllers/agora_sim/tests/test_version_unit.hy
    - controllers/agora_sim/tests/test_whole.hy
    - controllers/agora_sim/tests/test_worker_drain.hy
    - controllers/agora_sim/tests/test_worker_liveness.hy
    - controllers/agora_sim/tests/test_worker_roll.hy
    - controllers/artifact/tests/test_artifact_cycle.hy
    - controllers/artifact/tests/test_artifact_deftest_runner.hy
    - controllers/artifact/tests/test_artifact_wire.hy
    - controllers/assignment/tests/test_model.hy
    - controllers/assignment/tests/test_observe.hy
    - controllers/automation/tests/test_operators.hy
    - controllers/automation/tests/test_policy.hy
    - controllers/automation/tests/test_receipts.hy
    - controllers/automation/tests/test_runner.hy
    - controllers/automation/tests/test_stall.hy
    - controllers/budget/tests/test_budget_cycle.hy
    - controllers/budget/tests/test_budget_deftest_runner.hy
    - controllers/budget/tests/test_budget_wire.hy
    - controllers/cache_keepalive/tests/test_acp.hy
    - controllers/cache_keepalive/tests/test_cache.hy
    - controllers/cache_keepalive/tests/test_cache_live.hy
    - controllers/cache_keepalive/tests/test_cache_observer.hy
    - controllers/cache_keepalive/tests/test_cache_operations.hy
    - controllers/cache_keepalive/tests/test_cache_scheduling.hy
    - controllers/cache_keepalive/tests/test_cache_store.hy
    - controllers/classifier/tests/test_classifier_cycle.hy
    - controllers/classifier/tests/test_classifier_deftest_runner.hy
    - controllers/classifier/tests/test_classifier_view.hy
    - controllers/classifier/tests/test_classifier_wire.hy
    - controllers/conversation/tests/test_conversation_cycle.hy
    - controllers/conversation/tests/test_conversation_deftest_runner.hy
    - controllers/conversation/tests/test_conversation_progress.hy
    - controllers/conversation/tests/test_conversation_settings.hy
    - controllers/conversation/tests/test_conversation_wire.hy
    - controllers/durable/controller/tests/test_durable_controller_cycle.hy
    - controllers/durable/controller/tests/test_durable_controller_deftest_runner.hy
    - controllers/durable/controller/tests/test_durable_controller_progress.hy
    - controllers/durable/controller/tests/test_durable_controller_wire.hy
    - controllers/durable/runner/tests/test_durable_runner_cycle.hy
    - controllers/durable/runner/tests/test_durable_runner_deftest_runner.hy
    - controllers/durable/runner/tests/test_durable_runner_progress.hy
    - controllers/durable/runner/tests/test_durable_runner_wire.hy
    - controllers/durable/tests/test_durable.hy
    - controllers/durable/tests/test_kanban_convert_program.hy
    - controllers/durable/tests/test_watch_reconnect.hy
    - controllers/kanban/source/tests/test_source.hy
    - controllers/kanban/tests/test_hand_writes.hy
    - controllers/kanban/tests/test_operators.hy
    - controllers/kanban/tests/test_rows.hy
    - controllers/kanban/tests/test_runner.hy
    - controllers/kanban/tests/test_step_order.hy
    - controllers/messaging/tests/test_install.hy
    - controllers/messaging/tests/test_reception.hy
    - controllers/messaging/tests/test_request_labels.hy
    - controllers/nodeboot/tests/test_nodeboot.hy
    - controllers/nodeboot/tests/test_nodeboot_wire.hy
    - controllers/scheduling/tests/test_acp.hy
    - controllers/scheduling/tests/test_assembly.hy
    - controllers/scheduling/tests/test_batch_policy.hy
    - controllers/scheduling/tests/test_binding_commit.hy
    - controllers/scheduling/tests/test_breaker.hy
    - controllers/scheduling/tests/test_breaker_live.hy
    - controllers/scheduling/tests/test_capacity.hy
    - controllers/scheduling/tests/test_configured.hy
    - controllers/scheduling/tests/test_conversation_view.hy
    - controllers/scheduling/tests/test_custody.hy
    - controllers/scheduling/tests/test_declaration.hy
    - controllers/scheduling/tests/test_declaration_reasons_follow_contract.hy
    - controllers/scheduling/tests/test_dispatch.hy
    - controllers/scheduling/tests/test_dispatch_live.hy
    - controllers/scheduling/tests/test_disruption.hy
    - controllers/scheduling/tests/test_disruption_cycle.hy
    - controllers/scheduling/tests/test_disruption_live.hy
    - controllers/scheduling/tests/test_head_lane.hy
    - controllers/scheduling/tests/test_history.hy
    - controllers/scheduling/tests/test_history_live.hy
    - controllers/scheduling/tests/test_http.hy
    - controllers/scheduling/tests/test_informer.hy
    - controllers/scheduling/tests/test_informer_live.hy
    - controllers/scheduling/tests/test_job_read.hy
    - controllers/scheduling/tests/test_lifecycle.hy
    - controllers/scheduling/tests/test_lifecycle_plan.hy
    - controllers/scheduling/tests/test_live.hy
    - controllers/scheduling/tests/test_live_machines_golden.hy
    - controllers/scheduling/tests/test_loop.hy
    - controllers/scheduling/tests/test_loop_live.hy
    - controllers/scheduling/tests/test_node_management.hy
    - controllers/scheduling/tests/test_node_management_live.hy
    - controllers/scheduling/tests/test_node_policy.hy
    - controllers/scheduling/tests/test_node_read.hy
    - controllers/scheduling/tests/test_observation.hy
    - controllers/scheduling/tests/test_observation_live.hy
    - controllers/scheduling/tests/test_occupancy_plan.hy
    - controllers/scheduling/tests/test_pending.hy
    - controllers/scheduling/tests/test_pending_cycle.hy
    - controllers/scheduling/tests/test_pending_live.hy
    - controllers/scheduling/tests/test_placement_live.hy
    - controllers/scheduling/tests/test_priority.hy
    - controllers/scheduling/tests/test_profile_lender.hy
    - controllers/scheduling/tests/test_profile_policy.hy
    - controllers/scheduling/tests/test_profile_read.hy
    - controllers/scheduling/tests/test_profile_refresh.hy
    - controllers/scheduling/tests/test_profile_refresh_live.hy
    - controllers/scheduling/tests/test_runtime_inputs.hy
    - controllers/scheduling/tests/test_runtime_live.hy
    - controllers/scheduling/tests/test_services.hy
    - controllers/scheduling/tests/test_settings.hy
    - controllers/scheduling/tests/test_stream_scope.hy
    - controllers/scheduling/tests/test_supervision.hy
    - controllers/scheduling/tests/test_watch.hy
    - controllers/scheduling/tests/test_watch_live.hy
    - controllers/scheduling/tests/test_workplace.hy
    - controllers/scheduling/turns/tests/test_compose.hy
    - controllers/scheduling/turns/tests/test_properties.hy
    - controllers/scheduling_lab/tests/test_scheduler.hy
    - controllers/screen/tests/test_deploy_rollout.hy
    - controllers/screen/tests/test_fault_boundary_transport.hy
    - controllers/screen/tests/test_glue.hy
    - controllers/screen/tests/test_protocol.hy
    - controllers/screen/tests/test_server.hy
    - controllers/screen/tests/test_slice_cases.hy
    - controllers/screen/tests/test_turn_tail.hy
    - controllers/screen/tests/test_view_eval.hy
    - controllers/tables/tests/test_kinds.hy
    - controllers/transport/tests/test_clock.hy
    - controllers/transport/tests/test_records_copy.hy
    - controllers/transport/tests/test_turn_events_copy.hy
    - controllers/turnusage/tests/test_turnusage.hy
    - controllers/turnusage/tests/test_turnusage_store.hy
    - controllers/worker/adr/defadr_worker_production_code_does_not_depend_on_lab.hy
    - controllers/worker/tests/test_acp_census.hy
    - controllers/worker/tests/test_artifact_shadow.hy
    - controllers/worker/tests/test_artifact_writer.hy
    - controllers/worker/tests/test_budget_shadow.hy
    - controllers/worker/tests/test_budget_writer.hy
    - controllers/worker/tests/test_conversation_invariants.hy
    - controllers/worker/tests/test_conversation_shadow.hy
    - controllers/worker/tests/test_conversation_writer.hy
    - controllers/worker/tests/test_deploy_image_pairs.hy
    - controllers/worker/tests/test_effect_codec_coverage.hy
    - controllers/worker/tests/test_effect_record_writers.hy
    - controllers/worker/tests/test_fsync_probe.hy
    - controllers/worker/tests/test_turns.hy
    - controllers/worker/tests/test_writer_kit.hy
    - services/record/tests/test_record_capability.hy
    - services/record/tests/test_record_cold.hy
    - services/record/tests/test_record_deftest_runner.hy
    - services/record/tests/test_record_retention.hy
    - services/record/tests/test_record_service.hy
  Add their directories to pytest testpaths or the CI pytest arguments. Use doeff_adr_wiring=off only for an intentional opt-out.
    warnings.warn(pytest.PytestWarning(message), stacklevel=1)

-- Docs: https://docs.pytest.org/en/stable/how-to/capture-warnings.html
=================== 10 passed, 1 warning in 69.22s (0:01:09) ===================
exit=0
00:50:31
